src/components/chat/ChatWindow.tsx(115,5): error TS6133: 'agentColor' is declared but its value is never read.
src/components/landing/LeadForm.tsx(3,10): error TS2305: Module '"../ui"' has no exported member 'Modal'.
src/components/onboarding/OnboardingWizard.tsx(5,73): error TS6133: 'UserPlus' is declared but its value is never read.
src/components/onboarding/OnboardingWizard.tsx(232,56): error TS2322: Type '{ children: string | undefined; color: string | undefined; }' is not assignable to type 'IntrinsicAttributes & BadgeProps'.
  Property 'color' does not exist on type 'IntrinsicAttributes & BadgeProps'.
src/pages/Dashboard.tsx(12,5): error TS6133: 'ArrowUpRight' is declared but its value is never read.
src/pages/Dashboard.tsx(13,5): error TS6133: 'ChevronRight' is declared but its value is never read.
src/pages/Dashboard.tsx(27,23): error TS6133: 'ProgressBar' is declared but its value is never read.
src/pages/Dashboard.tsx(27,36): error TS6133: 'Button' is declared but its value is never read.
src/pages/Login.tsx(3,10): error TS2305: Module '"../components/ui"' has no exported member 'Modal'.
src/pages/SuperAdminDashboard.tsx(7,5): error TS6133: 'MessageSquare' is declared but its value is never read.
src/pages/SuperAdminDashboard.tsx(26,31): error TS6133: 'Input' is declared but its value is never read.
src/pages/SuperAdminDashboard.tsx(90,28): error TS2322: Type '{ children: string; color: string; }' is not assignable to type 'IntrinsicAttributes & BadgeProps'.
  Property 'color' does not exist on type 'IntrinsicAttributes & BadgeProps'.
src/pages/SuperAdminDashboard.tsx(151,39): error TS2322: Type '"glass"' is not assignable to type '"flat" | "default" | "bordered" | undefined'.
src/pages/SuperAdminDashboard.tsx(165,39): error TS2322: Type '"glass"' is not assignable to type '"flat" | "default" | "bordered" | undefined'.
src/pages/SuperAdminDashboard.tsx(180,39): error TS2322: Type '"glass"' is not assignable to type '"flat" | "default" | "bordered" | undefined'.
src/pages/SuperAdminDashboard.tsx(195,39): error TS2322: Type '"glass"' is not assignable to type '"flat" | "default" | "bordered" | undefined'.
src/pages/SuperAdminDashboard.tsx(212,35): error TS2322: Type '"glass"' is not assignable to type '"flat" | "default" | "bordered" | undefined'.
src/pages/SuperAdminDashboard.tsx(215,44): error TS2322: Type '{ children: string; color: string; }' is not assignable to type 'IntrinsicAttributes & BadgeProps'.
  Property 'color' does not exist on type 'IntrinsicAttributes & BadgeProps'.
src/pages/SuperAdminDashboard.tsx(232,49): error TS2322: Type '(value: number) => [string, "Consumo"]' is not assignable to type 'Formatter<number, "Consumo"> & ((value: number, name: "Consumo", item: Payload<number, "Consumo">, index: number, payload: Payload<number, "Consumo">[]) => ReactNode | [...])'.
  Type '(value: number) => [string, "Consumo"]' is not assignable to type 'Formatter<number, "Consumo">'.
    Types of parameters 'value' and 'value' are incompatible.
      Type 'number | undefined' is not assignable to type 'number'.
        Type 'undefined' is not assignable to type 'number'.
src/pages/SuperAdminDashboard.tsx(254,35): error TS2322: Type '"glass"' is not assignable to type '"flat" | "default" | "bordered" | undefined'.
src/pages/SuperAdminDashboard.tsx(288,64): error TS2322: Type '{ children: string; color: string; }' is not assignable to type 'IntrinsicAttributes & BadgeProps'.
  Property 'color' does not exist on type 'IntrinsicAttributes & BadgeProps'.
src/pages/SuperAdminDashboard.tsx(334,35): error TS2322: Type '"glass"' is not assignable to type '"flat" | "default" | "bordered" | undefined'.
src/pages/SuperAdminDashboard.tsx(355,60): error TS2322: Type '{ children: string; color: string; }' is not assignable to type 'IntrinsicAttributes & BadgeProps'.
  Property 'color' does not exist on type 'IntrinsicAttributes & BadgeProps'.
